// Jest Snapshot v1, https://goo.gl/fbAQLP

exports[`ArticleList component render ArticleList component 1`] = `
<DocumentFragment>
  <ul
    data-testid="articles"
  >
    <li>
      <h3>
        title1
      </h3>
      <p>
        By: author1
      </p>
      <p>
        Summary: description1
      </p>
    </li>
    <li>
      <h3>
        title2
      </h3>
      <p>
        By: author2
      </p>
      <p>
        Summary: description2
      </p>
    </li>
    <li>
      <h3>
        title3
      </h3>
      <p>
        By: author3
      </p>
      <p>
        Summary: description3
      </p>
    </li>
  </ul>
</DocumentFragment>
`;
